// Jest Snapshot v1, https://goo.gl/fbAQLP

exports[`Test if the LocationInput component is working as expected <LocationInput /> matches snapshot 1`] = `
<div>
  <form
    class="form-control"
  >
    <label
      class="label"
      for="location"
    >
      <span
        class="label-text"
      >
        Enter a location
      </span>
    </label>
    <div
      class="join"
    >
      <input
        class="input input-bordered w-full join-item"
        id="location"
        maxlength="50"
        type="text"
      />
      <button
        class="btn btn-primary join-item"
        type="submit"
      >
        Go
      </button>
    </div>
    <p
      class="mx-4 mt-2 text-xs text-red-500"
      data-testid="error-msg"
    >
      This is an error
    </p>
  </form>
</div>
`;
